// Vitest Snapshot v1, https://vitest.dev/guide/snapshot.html

exports[`LoginPage > matches the login page snapshot 1`] = `
<div>
  <h1>
    Login
  </h1>
  <button>
    Login with Google
  </button>
</div>
`;
